{"level":"info","message":"CORS Whitelisted Origins: [\"http://localhost:5173\"]","timestamp":"2026-08-29 19:07:15"}
{"level":"info","message":"Incoming Request: POST /api/auth/refresh - IP: ::1","timestamp":"2026-08-29 19:07:24"}
{"level":"info","message":"Incoming Request: POST /api/auth/refresh - IP: ::1","timestamp":"2026-08-29 19:07:25"}
{"level":"info","message":"Incoming Request: GET /api/segments - IP: ::1","timestamp":"2026-08-29 19:07:25"}
{"level":"info","message":"Incoming Request: GET /api/segments - IP: ::1","timestamp":"2026-08-29 19:07:25"}
{"level":"info","message":"Incoming Request: GET /api/settings - IP: ::1","timestamp":"2026-08-29 19:07:25"}
{"level":"info","message":"Incoming Request: GET /api/settings - IP: ::1","timestamp":"2026-08-29 19:07:25"}
{"level":"info","message":"Incoming Request: POST /api/auth/refresh - IP: ::1","timestamp":"2026-08-29 19:07:58"}
{"level":"info","message":"Incoming Request: POST /api/auth/refresh - IP: ::1","timestamp":"2026-08-29 19:07:58"}
{"level":"info","message":"Incoming Request: GET /api/segments - IP: ::1","timestamp":"2026-08-29 19:07:58"}
{"level":"info","message":"Incoming Request: GET /api/settings - IP: ::1","timestamp":"2026-08-29 19:07:58"}
{"level":"info","message":"Incoming Request: GET /api/segments - IP: ::1","timestamp":"2026-08-29 19:07:58"}
{"level":"info","message":"Incoming Request: GET /api/settings - IP: ::1","timestamp":"2026-08-29 19:07:59"}
{"level":"info","message":"Incoming Request: GET /api/segments/web - IP: ::1","timestamp":"2026-08-29 19:08:23"}
{"level":"info","message":"Incoming Request: GET /api/testimonials?segment=web - IP: ::1","timestamp":"2026-08-29 19:08:23"}
{"level":"info","message":"Incoming Request: GET /api/services?segment=web - IP: ::1","timestamp":"2026-08-29 19:08:24"}
{"level":"info","message":"Incoming Request: GET /api/projects?segment=web - IP: ::1","timestamp":"2026-08-29 19:08:24"}
{"level":"info","message":"Incoming Request: GET /api/team?segment=web - IP: ::1","timestamp":"2026-08-29 19:08:24"}
{"level":"info","message":"Incoming Request: GET /api/segments/web - IP: ::1","timestamp":"2026-08-29 19:08:24"}
{"level":"info","message":"Incoming Request: GET /api/testimonials?segment=web - IP: ::1","timestamp":"2026-08-29 19:08:24"}
{"level":"info","message":"Incoming Request: GET /api/services?segment=web - IP: ::1","timestamp":"2026-08-29 19:08:24"}
{"level":"info","message":"Incoming Request: GET /api/projects?segment=web - IP: ::1","timestamp":"2026-08-29 19:08:24"}
{"level":"info","message":"Incoming Request: GET /api/team?segment=web - IP: ::1","timestamp":"2026-08-29 19:08:24"}
{"level":"info","message":"Incoming Request: GET /api/segments - IP: ::1","timestamp":"2026-08-29 19:08:29"}
{"level":"info","message":"Incoming Request: GET /api/segments - IP: ::1","timestamp":"2026-08-29 19:08:29"}
{"level":"info","message":"Incoming Request: GET /api/segments/web - IP: ::1","timestamp":"2026-08-29 19:08:37"}
{"level":"info","message":"Incoming Request: GET /api/services?segment=web - IP: ::1","timestamp":"2026-08-29 19:08:37"}
{"level":"info","message":"Incoming Request: GET /api/projects?segment=web - IP: ::1","timestamp":"2026-08-29 19:08:37"}
{"level":"info","message":"Incoming Request: GET /api/testimonials?segment=web - IP: ::1","timestamp":"2026-08-29 19:08:37"}
{"level":"info","message":"Incoming Request: GET /api/team?segment=web - IP: ::1","timestamp":"2026-08-29 19:08:37"}
{"level":"info","message":"Incoming Request: GET /api/segments/web - IP: ::1","timestamp":"2026-08-29 19:08:37"}
{"level":"info","message":"Incoming Request: GET /api/services?segment=web - IP: ::1","timestamp":"2026-08-29 19:08:37"}
{"level":"info","message":"Incoming Request: GET /api/projects?segment=web - IP: ::1","timestamp":"2026-08-29 19:08:37"}
{"level":"info","message":"Incoming Request: GET /api/testimonials?segment=web - IP: ::1","timestamp":"2026-08-29 19:08:37"}
{"level":"info","message":"Incoming Request: GET /api/team?segment=web - IP: ::1","timestamp":"2026-08-29 19:08:37"}
{"level":"info","message":"Incoming Request: GET /api/segments/finance - IP: ::1","timestamp":"2026-08-29 19:08:40"}
{"level":"info","message":"Incoming Request: GET /api/services?segment=finance - IP: ::1","timestamp":"2026-08-29 19:08:40"}
{"level":"info","message":"Incoming Request: GET /api/team?segment=finance - IP: ::1","timestamp":"2026-08-29 19:08:40"}
{"level":"info","message":"Incoming Request: GET /api/projects?segment=finance - IP: ::1","timestamp":"2026-08-29 19:08:40"}
{"level":"info","message":"Incoming Request: GET /api/testimonials?segment=finance - IP: ::1","timestamp":"2026-08-29 19:08:40"}
{"level":"info","message":"Incoming Request: GET /api/segments/civil - IP: ::1","timestamp":"2026-08-29 19:08:45"}
{"level":"info","message":"Incoming Request: GET /api/team?segment=civil - IP: ::1","timestamp":"2026-08-29 19:08:45"}
{"level":"info","message":"Incoming Request: GET /api/projects?segment=civil - IP: ::1","timestamp":"2026-08-29 19:08:45"}
{"level":"info","message":"Incoming Request: GET /api/testimonials?segment=civil - IP: ::1","timestamp":"2026-08-29 19:08:45"}
{"level":"info","message":"Incoming Request: GET /api/services?segment=civil - IP: ::1","timestamp":"2026-08-29 19:08:45"}
{"level":"info","message":"Incoming Request: GET /api/segments - IP: ::1","timestamp":"2026-08-29 19:11:01"}
{"level":"info","message":"Incoming Request: GET /api/segments - IP: ::1","timestamp":"2026-08-29 19:11:01"}
{"level":"info","message":"Incoming Request: GET /api/segments/civil - IP: ::1","timestamp":"2026-08-29 19:11:17"}
{"level":"info","message":"Incoming Request: GET /api/services?segment=civil - IP: ::1","timestamp":"2026-08-29 19:11:17"}
{"level":"info","message":"Incoming Request: GET /api/projects?segment=civil - IP: ::1","timestamp":"2026-08-29 19:11:17"}
{"level":"info","message":"Incoming Request: GET /api/testimonials?segment=civil - IP: ::1","timestamp":"2026-08-29 19:11:17"}
{"level":"info","message":"Incoming Request: GET /api/team?segment=civil - IP: ::1","timestamp":"2026-08-29 19:11:17"}
{"level":"info","message":"Incoming Request: GET /api/segments/civil - IP: ::1","timestamp":"2026-08-29 19:11:17"}
{"level":"info","message":"Incoming Request: GET /api/testimonials?segment=civil - IP: ::1","timestamp":"2026-08-29 19:11:17"}
{"level":"info","message":"Incoming Request: GET /api/team?segment=civil - IP: ::1","timestamp":"2026-08-29 19:11:17"}
{"level":"info","message":"Incoming Request: GET /api/services?segment=civil - IP: ::1","timestamp":"2026-08-29 19:11:17"}
{"level":"info","message":"Incoming Request: GET /api/projects?segment=civil - IP: ::1","timestamp":"2026-08-29 19:11:17"}
{"level":"info","message":"Incoming Request: GET /api/team?segment=finance - IP: ::1","timestamp":"2026-08-29 19:14:34"}
{"level":"info","message":"Incoming Request: GET /api/testimonials?segment=finance - IP: ::1","timestamp":"2026-08-29 19:14:34"}
{"level":"info","message":"Incoming Request: GET /api/projects?segment=finance - IP: ::1","timestamp":"2026-08-29 19:14:34"}
{"level":"info","message":"Incoming Request: GET /api/services?segment=finance - IP: ::1","timestamp":"2026-08-29 19:14:34"}
{"level":"info","message":"Incoming Request: GET /api/segments/finance - IP: ::1","timestamp":"2026-08-29 19:14:34"}
{"level":"info","message":"Incoming Request: GET /api/segments/finance - IP: ::1","timestamp":"2026-08-29 19:15:15"}
{"level":"info","message":"Incoming Request: GET /api/services?segment=finance - IP: ::1","timestamp":"2026-08-29 19:15:15"}
{"level":"info","message":"Incoming Request: GET /api/projects?segment=finance - IP: ::1","timestamp":"2026-08-29 19:15:15"}
{"level":"info","message":"Incoming Request: GET /api/testimonials?segment=finance - IP: ::1","timestamp":"2026-08-29 19:15:15"}
{"level":"info","message":"Incoming Request: GET /api/team?segment=finance - IP: ::1","timestamp":"2026-08-29 19:15:15"}
{"level":"info","message":"Incoming Request: GET /api/segments/finance - IP: ::1","timestamp":"2026-08-29 19:15:15"}
{"level":"info","message":"Incoming Request: GET /api/services?segment=finance - IP: ::1","timestamp":"2026-08-29 19:15:15"}
{"level":"info","message":"Incoming Request: GET /api/projects?segment=finance - IP: ::1","timestamp":"2026-08-29 19:15:15"}
{"level":"info","message":"Incoming Request: GET /api/testimonials?segment=finance - IP: ::1","timestamp":"2026-08-29 19:15:15"}
{"level":"info","message":"Incoming Request: GET /api/team?segment=finance - IP: ::1","timestamp":"2026-08-29 19:15:15"}
{"level":"info","message":"Incoming Request: GET /api/segments/finance - IP: ::1","timestamp":"2026-08-29 19:15:23"}
{"level":"info","message":"Incoming Request: GET /api/services?segment=finance - IP: ::1","timestamp":"2026-08-29 19:15:23"}
{"level":"info","message":"Incoming Request: GET /api/projects?segment=finance - IP: ::1","timestamp":"2026-08-29 19:15:23"}
{"level":"info","message":"Incoming Request: GET /api/testimonials?segment=finance - IP: ::1","timestamp":"2026-08-29 19:15:23"}
{"level":"info","message":"Incoming Request: GET /api/team?segment=finance - IP: ::1","timestamp":"2026-08-29 19:15:23"}
{"level":"info","message":"Incoming Request: GET /api/segments - IP: ::1","timestamp":"2026-08-29 19:16:06"}
{"level":"info","message":"Incoming Request: GET /api/segments - IP: ::1","timestamp":"2026-08-29 19:16:06"}
{"level":"info","message":"Incoming Request: GET /api/team?segment=web - IP: ::1","timestamp":"2026-08-29 19:16:24"}
{"level":"info","message":"Incoming Request: GET /api/testimonials?segment=web - IP: ::1","timestamp":"2026-08-29 19:16:24"}
{"level":"info","message":"Incoming Request: GET /api/projects?segment=web - IP: ::1","timestamp":"2026-08-29 19:16:24"}
{"level":"info","message":"Incoming Request: GET /api/services?segment=web - IP: ::1","timestamp":"2026-08-29 19:16:24"}
{"level":"info","message":"Incoming Request: GET /api/segments/web - IP: ::1","timestamp":"2026-08-29 19:16:24"}
{"level":"info","message":"Incoming Request: GET /api/team?segment=web - IP: ::1","timestamp":"2026-08-29 19:16:24"}
{"level":"info","message":"Incoming Request: GET /api/testimonials?segment=web - IP: ::1","timestamp":"2026-08-29 19:16:24"}
{"level":"info","message":"Incoming Request: GET /api/segments/web - IP: ::1","timestamp":"2026-08-29 19:16:25"}
{"level":"info","message":"Incoming Request: GET /api/projects?segment=web - IP: ::1","timestamp":"2026-08-29 19:16:25"}
{"level":"info","message":"Incoming Request: GET /api/services?segment=web - IP: ::1","timestamp":"2026-08-29 19:16:25"}
{"level":"info","message":"Incoming Request: POST /api/auth/refresh - IP: ::1","timestamp":"2026-08-29 19:17:25"}
{"level":"info","message":"Incoming Request: POST /api/auth/refresh - IP: ::1","timestamp":"2026-08-29 19:17:25"}
{"level":"info","message":"Incoming Request: GET /api/segments/finance - IP: ::1","timestamp":"2026-08-29 19:17:25"}
{"level":"info","message":"Incoming Request: GET /api/services?segment=finance - IP: ::1","timestamp":"2026-08-29 19:17:25"}
{"level":"info","message":"Incoming Request: GET /api/projects?segment=finance - IP: ::1","timestamp":"2026-08-29 19:17:25"}
{"level":"info","message":"Incoming Request: GET /api/team?segment=finance - IP: ::1","timestamp":"2026-08-29 19:17:25"}
{"level":"info","message":"Incoming Request: GET /api/testimonials?segment=finance - IP: ::1","timestamp":"2026-08-29 19:17:25"}
{"level":"info","message":"Incoming Request: GET /api/settings - IP: ::1","timestamp":"2026-08-29 19:17:25"}
{"level":"info","message":"Incoming Request: GET /api/segments/finance - IP: ::1","timestamp":"2026-08-29 19:17:25"}
{"level":"info","message":"Incoming Request: GET /api/services?segment=finance - IP: ::1","timestamp":"2026-08-29 19:17:25"}
{"level":"info","message":"Incoming Request: GET /api/projects?segment=finance - IP: ::1","timestamp":"2026-08-29 19:17:25"}
{"level":"info","message":"Incoming Request: GET /api/team?segment=finance - IP: ::1","timestamp":"2026-08-29 19:17:25"}
{"level":"info","message":"Incoming Request: GET /api/testimonials?segment=finance - IP: ::1","timestamp":"2026-08-29 19:17:25"}
{"level":"info","message":"Incoming Request: GET /api/settings - IP: ::1","timestamp":"2026-08-29 19:17:25"}
{"level":"info","message":"Incoming Request: GET /api/segments - IP: ::1","timestamp":"2026-08-29 19:17:29"}
{"level":"info","message":"Incoming Request: GET /api/segments - IP: ::1","timestamp":"2026-08-29 19:17:30"}
{"level":"info","message":"Incoming Request: GET /api/segments/web - IP: ::1","timestamp":"2026-08-29 19:17:45"}
{"level":"info","message":"Incoming Request: GET /api/services?segment=web - IP: ::1","timestamp":"2026-08-29 19:17:45"}
{"level":"info","message":"Incoming Request: GET /api/projects?segment=web - IP: ::1","timestamp":"2026-08-29 19:17:45"}
{"level":"info","message":"Incoming Request: GET /api/testimonials?segment=web - IP: ::1","timestamp":"2026-08-29 19:17:45"}
{"level":"info","message":"Incoming Request: GET /api/team?segment=web - IP: ::1","timestamp":"2026-08-29 19:17:45"}
{"level":"info","message":"Incoming Request: GET /api/segments/finance - IP: ::1","timestamp":"2026-08-29 19:17:52"}
{"level":"info","message":"Incoming Request: GET /api/services?segment=finance - IP: ::1","timestamp":"2026-08-29 19:17:52"}
{"level":"info","message":"Incoming Request: GET /api/projects?segment=finance - IP: ::1","timestamp":"2026-08-29 19:17:52"}
{"level":"info","message":"Incoming Request: GET /api/testimonials?segment=finance - IP: ::1","timestamp":"2026-08-29 19:17:52"}
{"level":"info","message":"Incoming Request: GET /api/team?segment=finance - IP: ::1","timestamp":"2026-08-29 19:17:52"}
{"level":"info","message":"Incoming Request: GET /api/segments/finance - IP: ::1","timestamp":"2026-08-29 19:17:52"}
{"level":"info","message":"Incoming Request: GET /api/services?segment=finance - IP: ::1","timestamp":"2026-08-29 19:17:52"}
{"level":"info","message":"Incoming Request: GET /api/projects?segment=finance - IP: ::1","timestamp":"2026-08-29 19:17:52"}
{"level":"info","message":"Incoming Request: GET /api/testimonials?segment=finance - IP: ::1","timestamp":"2026-08-29 19:17:52"}
{"level":"info","message":"Incoming Request: GET /api/team?segment=finance - IP: ::1","timestamp":"2026-08-29 19:17:52"}
{"level":"info","message":"Incoming Request: GET /api/segments/web - IP: ::1","timestamp":"2026-08-29 19:18:21"}
{"level":"info","message":"Incoming Request: GET /api/projects?segment=web - IP: ::1","timestamp":"2026-08-29 19:18:21"}
{"level":"info","message":"Incoming Request: GET /api/testimonials?segment=web - IP: ::1","timestamp":"2026-08-29 19:18:21"}
{"level":"info","message":"Incoming Request: GET /api/team?segment=web - IP: ::1","timestamp":"2026-08-29 19:18:21"}
{"level":"info","message":"Incoming Request: GET /api/services?segment=web - IP: ::1","timestamp":"2026-08-29 19:18:21"}
{"level":"info","message":"Incoming Request: GET /api/segments/web - IP: ::1","timestamp":"2026-08-29 19:19:28"}
{"level":"info","message":"Incoming Request: GET /api/services?segment=web - IP: ::1","timestamp":"2026-08-29 19:19:28"}
{"level":"info","message":"Incoming Request: GET /api/projects?segment=web - IP: ::1","timestamp":"2026-08-29 19:19:28"}
{"level":"info","message":"Incoming Request: GET /api/testimonials?segment=web - IP: ::1","timestamp":"2026-08-29 19:19:28"}
{"level":"info","message":"Incoming Request: GET /api/team?segment=web - IP: ::1","timestamp":"2026-08-29 19:19:28"}
{"level":"info","message":"Incoming Request: GET /api/segments/web - IP: ::1","timestamp":"2026-08-29 19:19:28"}
{"level":"info","message":"Incoming Request: GET /api/services?segment=web - IP: ::1","timestamp":"2026-08-29 19:19:28"}
{"level":"info","message":"Incoming Request: GET /api/projects?segment=web - IP: ::1","timestamp":"2026-08-29 19:19:28"}
{"level":"info","message":"Incoming Request: GET /api/testimonials?segment=web - IP: ::1","timestamp":"2026-08-29 19:19:28"}
{"level":"info","message":"Incoming Request: GET /api/team?segment=web - IP: ::1","timestamp":"2026-08-29 19:19:28"}
{"level":"info","message":"Incoming Request: GET /api/segments - IP: ::1","timestamp":"2026-08-29 19:20:27"}
{"level":"info","message":"Incoming Request: GET /api/segments - IP: ::1","timestamp":"2026-08-29 19:20:27"}
{"level":"info","message":"Incoming Request: GET /api/services?segment=civil - IP: ::1","timestamp":"2026-08-29 19:20:33"}
{"level":"info","message":"Incoming Request: GET /api/projects?segment=civil - IP: ::1","timestamp":"2026-08-29 19:20:33"}
{"level":"info","message":"Incoming Request: GET /api/segments/civil - IP: ::1","timestamp":"2026-08-29 19:20:33"}
{"level":"info","message":"Incoming Request: GET /api/testimonials?segment=civil - IP: ::1","timestamp":"2026-08-29 19:20:33"}
{"level":"info","message":"Incoming Request: GET /api/team?segment=civil - IP: ::1","timestamp":"2026-08-29 19:20:33"}
{"level":"info","message":"Incoming Request: GET /api/services?segment=civil - IP: ::1","timestamp":"2026-08-29 19:20:34"}
{"level":"info","message":"Incoming Request: GET /api/projects?segment=civil - IP: ::1","timestamp":"2026-08-29 19:20:34"}
{"level":"info","message":"Incoming Request: GET /api/segments/civil - IP: ::1","timestamp":"2026-08-29 19:20:34"}
{"level":"info","message":"Incoming Request: GET /api/testimonials?segment=civil - IP: ::1","timestamp":"2026-08-29 19:20:34"}
{"level":"info","message":"Incoming Request: GET /api/team?segment=civil - IP: ::1","timestamp":"2026-08-29 19:20:34"}
{"level":"info","message":"Incoming Request: GET /api/segments/web - IP: ::1","timestamp":"2026-08-29 19:20:49"}
{"level":"info","message":"Incoming Request: GET /api/services?segment=web - IP: ::1","timestamp":"2026-08-29 19:20:49"}
{"level":"info","message":"Incoming Request: GET /api/projects?segment=web - IP: ::1","timestamp":"2026-08-29 19:20:49"}
{"level":"info","message":"Incoming Request: GET /api/testimonials?segment=web - IP: ::1","timestamp":"2026-08-29 19:20:49"}
{"level":"info","message":"Incoming Request: GET /api/team?segment=web - IP: ::1","timestamp":"2026-08-29 19:20:49"}
{"level":"info","message":"Incoming Request: GET /api/segments/finance - IP: ::1","timestamp":"2026-08-29 19:20:53"}
{"level":"info","message":"Incoming Request: GET /api/services?segment=finance - IP: ::1","timestamp":"2026-08-29 19:20:53"}
{"level":"info","message":"Incoming Request: GET /api/projects?segment=finance - IP: ::1","timestamp":"2026-08-29 19:20:53"}
{"level":"info","message":"Incoming Request: GET /api/team?segment=finance - IP: ::1","timestamp":"2026-08-29 19:20:53"}
{"level":"info","message":"Incoming Request: GET /api/testimonials?segment=finance - IP: ::1","timestamp":"2026-08-29 19:20:53"}
{"level":"info","message":"Incoming Request: GET /api/segments/web - IP: ::1","timestamp":"2026-08-29 19:21:43"}
{"level":"info","message":"Incoming Request: GET /api/segments/finance - IP: ::1","timestamp":"2026-08-29 19:21:43"}
{"level":"info","message":"Incoming Request: GET /api/services?segment=web - IP: ::1","timestamp":"2026-08-29 19:21:43"}
{"level":"info","message":"Incoming Request: GET /api/projects?segment=web - IP: ::1","timestamp":"2026-08-29 19:21:43"}
{"level":"info","message":"Incoming Request: GET /api/testimonials?segment=web - IP: ::1","timestamp":"2026-08-29 19:21:43"}
{"level":"info","message":"Incoming Request: GET /api/team?segment=web - IP: ::1","timestamp":"2026-08-29 19:21:43"}
{"level":"info","message":"Incoming Request: GET /api/services?segment=finance - IP: ::1","timestamp":"2026-08-29 19:21:43"}
{"level":"info","message":"Incoming Request: GET /api/projects?segment=finance - IP: ::1","timestamp":"2026-08-29 19:21:43"}
{"level":"info","message":"Incoming Request: GET /api/testimonials?segment=finance - IP: ::1","timestamp":"2026-08-29 19:21:43"}
{"level":"info","message":"Incoming Request: GET /api/team?segment=finance - IP: ::1","timestamp":"2026-08-29 19:21:43"}
{"level":"info","message":"Incoming Request: GET /api/segments - IP: ::1","timestamp":"2026-08-29 19:22:00"}
{"level":"info","message":"Incoming Request: GET /api/segments - IP: ::1","timestamp":"2026-08-29 19:22:00"}
{"level":"info","message":"Incoming Request: GET /api/segments/finance - IP: ::1","timestamp":"2026-08-29 19:22:11"}
{"level":"info","message":"Incoming Request: GET /api/services?segment=finance - IP: ::1","timestamp":"2026-08-29 19:22:11"}
{"level":"info","message":"Incoming Request: GET /api/projects?segment=finance - IP: ::1","timestamp":"2026-08-29 19:22:11"}
{"level":"info","message":"Incoming Request: GET /api/testimonials?segment=finance - IP: ::1","timestamp":"2026-08-29 19:22:11"}
{"level":"info","message":"Incoming Request: GET /api/team?segment=finance - IP: ::1","timestamp":"2026-08-29 19:22:11"}
{"level":"info","message":"Incoming Request: GET /api/segments/finance - IP: ::1","timestamp":"2026-08-29 19:22:11"}
{"level":"info","message":"Incoming Request: GET /api/services?segment=finance - IP: ::1","timestamp":"2026-08-29 19:22:11"}
{"level":"info","message":"Incoming Request: GET /api/projects?segment=finance - IP: ::1","timestamp":"2026-08-29 19:22:11"}
{"level":"info","message":"Incoming Request: GET /api/testimonials?segment=finance - IP: ::1","timestamp":"2026-08-29 19:22:11"}
{"level":"info","message":"Incoming Request: GET /api/team?segment=finance - IP: ::1","timestamp":"2026-08-29 19:22:11"}
{"level":"info","message":"Incoming Request: POST /api/auth/refresh - IP: ::1","timestamp":"2026-08-29 19:22:49"}
{"level":"info","message":"Incoming Request: POST /api/auth/refresh - IP: ::1","timestamp":"2026-08-29 19:22:49"}
{"level":"info","message":"Incoming Request: GET /api/segments/finance - IP: ::1","timestamp":"2026-08-29 19:22:49"}
{"level":"info","message":"Incoming Request: GET /api/services?segment=finance - IP: ::1","timestamp":"2026-08-29 19:22:49"}
{"level":"info","message":"Incoming Request: GET /api/team?segment=finance - IP: ::1","timestamp":"2026-08-29 19:22:49"}
{"level":"info","message":"Incoming Request: GET /api/projects?segment=finance - IP: ::1","timestamp":"2026-08-29 19:22:49"}
{"level":"info","message":"Incoming Request: GET /api/testimonials?segment=finance - IP: ::1","timestamp":"2026-08-29 19:22:49"}
{"level":"info","message":"Incoming Request: GET /api/settings - IP: ::1","timestamp":"2026-08-29 19:22:49"}
{"level":"info","message":"Incoming Request: GET /api/segments/finance - IP: ::1","timestamp":"2026-08-29 19:22:49"}
{"level":"info","message":"Incoming Request: GET /api/services?segment=finance - IP: ::1","timestamp":"2026-08-29 19:22:49"}
{"level":"info","message":"Incoming Request: GET /api/team?segment=finance - IP: ::1","timestamp":"2026-08-29 19:22:49"}
{"level":"info","message":"Incoming Request: GET /api/projects?segment=finance - IP: ::1","timestamp":"2026-08-29 19:22:49"}
{"level":"info","message":"Incoming Request: GET /api/testimonials?segment=finance - IP: ::1","timestamp":"2026-08-29 19:22:49"}
{"level":"info","message":"Incoming Request: GET /api/settings - IP: ::1","timestamp":"2026-08-29 19:22:49"}
{"level":"info","message":"Incoming Request: GET /api/segments - IP: ::1","timestamp":"2026-08-29 19:23:07"}
{"level":"info","message":"Incoming Request: GET /api/segments - IP: ::1","timestamp":"2026-08-29 19:23:07"}
{"level":"info","message":"Incoming Request: GET /api/segments - IP: ::1","timestamp":"2026-08-29 19:23:15"}
{"level":"info","message":"Incoming Request: GET /api/segments - IP: ::1","timestamp":"2026-08-29 19:23:25"}
{"level":"info","message":"Incoming Request: POST /api/auth/refresh - IP: ::1","timestamp":"2026-08-29 19:23:56"}
{"level":"info","message":"Incoming Request: POST /api/auth/refresh - IP: ::1","timestamp":"2026-08-29 19:23:56"}
{"level":"info","message":"Incoming Request: GET /api/segments - IP: ::1","timestamp":"2026-08-29 19:23:56"}
{"level":"info","message":"Incoming Request: GET /api/settings - IP: ::1","timestamp":"2026-08-29 19:23:56"}
{"level":"info","message":"Incoming Request: GET /api/segments - IP: ::1","timestamp":"2026-08-29 19:23:56"}
{"level":"info","message":"Incoming Request: GET /api/settings - IP: ::1","timestamp":"2026-08-29 19:23:56"}
{"level":"info","message":"Incoming Request: GET /api/segments - IP: ::1","timestamp":"2026-08-29 19:25:50"}
{"level":"info","message":"Incoming Request: POST /api/auth/refresh - IP: ::1","timestamp":"2026-08-29 19:26:48"}
{"level":"info","message":"Incoming Request: POST /api/auth/refresh - IP: ::1","timestamp":"2026-08-29 19:26:48"}
{"level":"info","message":"Incoming Request: GET /api/segments - IP: ::1","timestamp":"2026-08-29 19:26:48"}
{"level":"info","message":"Incoming Request: GET /api/settings - IP: ::1","timestamp":"2026-08-29 19:26:48"}
{"level":"info","message":"Incoming Request: GET /api/segments - IP: ::1","timestamp":"2026-08-29 19:26:48"}
{"level":"info","message":"Incoming Request: GET /api/settings - IP: ::1","timestamp":"2026-08-29 19:26:48"}
{"level":"info","message":"Incoming Request: GET /api/segments - IP: ::1","timestamp":"2026-08-29 19:28:43"}
{"level":"info","message":"Incoming Request: POST /api/auth/refresh - IP: ::1","timestamp":"2026-08-29 19:29:35"}
{"level":"info","message":"Incoming Request: POST /api/auth/refresh - IP: ::1","timestamp":"2026-08-29 19:29:35"}
{"level":"info","message":"Incoming Request: GET /api/segments - IP: ::1","timestamp":"2026-08-29 19:29:35"}
{"level":"info","message":"Incoming Request: GET /api/settings - IP: ::1","timestamp":"2026-08-29 19:29:35"}
{"level":"info","message":"Incoming Request: GET /api/segments - IP: ::1","timestamp":"2026-08-29 19:29:35"}
{"level":"info","message":"Incoming Request: GET /api/settings - IP: ::1","timestamp":"2026-08-29 19:29:35"}
{"level":"info","message":"Incoming Request: GET /api/segments/civil - IP: ::1","timestamp":"2026-08-29 19:30:53"}
{"level":"info","message":"Incoming Request: GET /api/services?segment=civil - IP: ::1","timestamp":"2026-08-29 19:30:53"}
{"level":"info","message":"Incoming Request: GET /api/projects?segment=civil - IP: ::1","timestamp":"2026-08-29 19:30:53"}
{"level":"info","message":"Incoming Request: GET /api/testimonials?segment=civil - IP: ::1","timestamp":"2026-08-29 19:30:53"}
{"level":"info","message":"Incoming Request: GET /api/team?segment=civil - IP: ::1","timestamp":"2026-08-29 19:30:53"}
{"level":"info","message":"Incoming Request: GET /api/segments/civil - IP: ::1","timestamp":"2026-08-29 19:30:53"}
{"level":"info","message":"Incoming Request: GET /api/services?segment=civil - IP: ::1","timestamp":"2026-08-29 19:30:54"}
{"level":"info","message":"Incoming Request: GET /api/projects?segment=civil - IP: ::1","timestamp":"2026-08-29 19:30:54"}
{"level":"info","message":"Incoming Request: GET /api/testimonials?segment=civil - IP: ::1","timestamp":"2026-08-29 19:30:54"}
{"level":"info","message":"Incoming Request: GET /api/team?segment=civil - IP: ::1","timestamp":"2026-08-29 19:30:54"}
